------------------------------------------------------------
Timing Analyzer Summary
------------------------------------------------------------

Type  : Slow 1100mV 85C Model Setup 'clk'
Slack : -16.444
TNS   : -28849.122

Type  : Slow 1100mV 85C Model Hold 'clk'
Slack : 0.330
TNS   : 0.000

Type  : Slow 1100mV 85C Model Recovery 'clk'
Slack : -0.743
TNS   : -25.025

Type  : Slow 1100mV 85C Model Removal 'clk'
Slack : 0.750
TNS   : 0.000

Type  : Slow 1100mV 85C Model Minimum Pulse Width 'clk'
Slack : -0.394
TNS   : -2020.657

Type  : Slow 1100mV 0C Model Setup 'clk'
Slack : -16.357
TNS   : -27969.463

Type  : Slow 1100mV 0C Model Hold 'clk'
Slack : 0.317
TNS   : 0.000

Type  : Slow 1100mV 0C Model Recovery 'clk'
Slack : -0.728
TNS   : -22.981

Type  : Slow 1100mV 0C Model Removal 'clk'
Slack : 0.697
TNS   : 0.000

Type  : Slow 1100mV 0C Model Minimum Pulse Width 'clk'
Slack : -0.394
TNS   : -2142.050

Type  : Fast 1100mV 85C Model Setup 'clk'
Slack : -9.384
TNS   : -17375.345

Type  : Fast 1100mV 85C Model Hold 'clk'
Slack : 0.181
TNS   : 0.000

Type  : Fast 1100mV 85C Model Recovery 'clk'
Slack : 0.070
TNS   : 0.000

Type  : Fast 1100mV 85C Model Removal 'clk'
Slack : 0.415
TNS   : 0.000

Type  : Fast 1100mV 85C Model Minimum Pulse Width 'clk'
Slack : -0.097
TNS   : -310.894

Type  : Fast 1100mV 0C Model Setup 'clk'
Slack : -8.429
TNS   : -15563.631

Type  : Fast 1100mV 0C Model Hold 'clk'
Slack : 0.171
TNS   : 0.000

Type  : Fast 1100mV 0C Model Recovery 'clk'
Slack : 0.123
TNS   : 0.000

Type  : Fast 1100mV 0C Model Removal 'clk'
Slack : 0.375
TNS   : 0.000

Type  : Fast 1100mV 0C Model Minimum Pulse Width 'clk'
Slack : -0.093
TNS   : -312.749

------------------------------------------------------------
